main.c:86:6:HAL_UART_RxCpltCallback	16	static
main.c:108:6:clear_buffer	8	static
main.c:113:6:command_parser_fsm	24	static
main.c:134:6:uart_communication_fsm	16	static
main.c:164:5:main	8	static
main.c:221:6:SystemClock_Config	88	static
main.c:264:13:MX_ADC1_Init	24	static
main.c:309:13:MX_TIM2_Init	32	static
main.c:354:13:MX_USART2_UART_Init	8	static
main.c:387:13:MX_GPIO_Init	32	static
main.c:407:6:HAL_TIM_PeriodElapsedCallback	16	static
main.c:416:6:Error_Handler	4	static,ignoring_inline_asm
