main.c:86:6:HAL_UART_RxCpltCallback	16	static
main.c:108:6:clear_buffer	8	static
main.c:113:6:command_parser_fsm	24	static
main.c:134:6:uart_communication_fsm	16	static
main.c:164:5:main	56	static
main.c:223:6:SystemClock_Config	88	static
main.c:266:13:MX_ADC1_Init	24	static
main.c:311:13:MX_TIM2_Init	32	static
main.c:356:13:MX_USART2_UART_Init	8	static
main.c:389:13:MX_GPIO_Init	32	static
main.c:409:6:HAL_TIM_PeriodElapsedCallback	16	static
main.c:418:6:Error_Handler	4	static,ignoring_inline_asm
